2025/10/16 22:22:27 [emerg] 1#1: "server" directive is not allowed here in /etc/nginx/nginx.conf:1
2025/10/16 22:22:28 [emerg] 1#1: "server" directive is not allowed here in /etc/nginx/nginx.conf:1
2025/10/16 22:22:28 [emerg] 1#1: "server" directive is not allowed here in /etc/nginx/nginx.conf:1
2025/10/16 22:22:29 [emerg] 1#1: "server" directive is not allowed here in /etc/nginx/nginx.conf:1
2025/10/16 22:22:30 [emerg] 1#1: "server" directive is not allowed here in /etc/nginx/nginx.conf:1
2025/10/16 22:22:32 [emerg] 1#1: "server" directive is not allowed here in /etc/nginx/nginx.conf:1
2025/10/16 22:22:36 [emerg] 1#1: "server" directive is not allowed here in /etc/nginx/nginx.conf:1
2025/10/16 22:22:43 [emerg] 1#1: "server" directive is not allowed here in /etc/nginx/nginx.conf:1
2025/10/16 22:22:56 [emerg] 1#1: "server" directive is not allowed here in /etc/nginx/nginx.conf:1
2025/10/16 22:23:21 [emerg] 1#1: "log_format" directive is not allowed here in /etc/nginx/conf.d/default.conf:11
2025/10/16 22:23:47 [emerg] 1#1: "log_format" directive is not allowed here in /etc/nginx/conf.d/default.conf:11
2025/10/16 22:23:47 [emerg] 1#1: "log_format" directive is not allowed here in /etc/nginx/conf.d/default.conf:11
2025/10/16 22:23:48 [emerg] 1#1: "log_format" directive is not allowed here in /etc/nginx/conf.d/default.conf:11
2025/10/16 22:23:49 [emerg] 1#1: "log_format" directive is not allowed here in /etc/nginx/conf.d/default.conf:11
2025/10/16 22:23:50 [emerg] 1#1: "log_format" directive is not allowed here in /etc/nginx/conf.d/default.conf:11
2025/10/16 22:23:52 [emerg] 1#1: "log_format" directive is not allowed here in /etc/nginx/conf.d/default.conf:11
2025/10/16 22:23:56 [emerg] 1#1: "log_format" directive is not allowed here in /etc/nginx/conf.d/default.conf:11
2025/10/16 22:24:03 [emerg] 1#1: "log_format" directive is not allowed here in /etc/nginx/conf.d/default.conf:11
2025/10/16 22:24:16 [emerg] 1#1: "log_format" directive is not allowed here in /etc/nginx/conf.d/default.conf:11
2025/10/16 22:24:42 [notice] 1#1: using the "epoll" event method
2025/10/16 22:24:42 [notice] 1#1: nginx/1.29.2
2025/10/16 22:24:42 [notice] 1#1: built by gcc 14.2.0 (Debian 14.2.0-19) 
2025/10/16 22:24:42 [notice] 1#1: OS: Linux 6.11.0-1018-azure
2025/10/16 22:24:42 [notice] 1#1: getrlimit(RLIMIT_NOFILE): 1048576:1048576
2025/10/16 22:24:42 [notice] 1#1: start worker processes
2025/10/16 22:24:42 [notice] 1#1: start worker process 21
2025/10/16 22:24:42 [notice] 1#1: start worker process 22
2025/10/16 22:24:42 [notice] 1#1: start worker process 23
2025/10/16 22:24:42 [notice] 1#1: start worker process 24
2025/10/16 22:24:48 [notice] 1#1: signal 3 (SIGQUIT) received, shutting down
2025/10/16 22:24:48 [notice] 21#21: gracefully shutting down
2025/10/16 22:24:48 [notice] 21#21: exiting
2025/10/16 22:24:48 [notice] 22#22: gracefully shutting down
2025/10/16 22:24:48 [notice] 21#21: exit
2025/10/16 22:24:48 [notice] 22#22: exiting
2025/10/16 22:24:48 [notice] 22#22: exit
2025/10/16 22:24:48 [notice] 23#23: gracefully shutting down
2025/10/16 22:24:48 [notice] 23#23: exiting
2025/10/16 22:24:48 [notice] 23#23: exit
2025/10/16 22:24:48 [notice] 24#24: gracefully shutting down
2025/10/16 22:24:48 [notice] 24#24: exiting
2025/10/16 22:24:48 [notice] 24#24: exit
2025/10/16 22:24:48 [notice] 1#1: signal 17 (SIGCHLD) received from 23
2025/10/16 22:24:48 [notice] 1#1: worker process 23 exited with code 0
2025/10/16 22:24:48 [notice] 1#1: signal 29 (SIGIO) received
2025/10/16 22:24:48 [notice] 1#1: signal 17 (SIGCHLD) received from 24
2025/10/16 22:24:48 [notice] 1#1: worker process 24 exited with code 0
2025/10/16 22:24:48 [notice] 1#1: signal 29 (SIGIO) received
2025/10/16 22:24:48 [notice] 1#1: signal 17 (SIGCHLD) received from 22
2025/10/16 22:24:48 [notice] 1#1: worker process 22 exited with code 0
2025/10/16 22:24:48 [notice] 1#1: signal 29 (SIGIO) received
2025/10/16 22:24:48 [notice] 1#1: signal 17 (SIGCHLD) received from 21
2025/10/16 22:24:48 [notice] 1#1: worker process 21 exited with code 0
2025/10/16 22:24:48 [notice] 1#1: exit
2025/10/16 22:24:54 [notice] 1#1: using the "epoll" event method
2025/10/16 22:24:54 [notice] 1#1: nginx/1.29.2
2025/10/16 22:24:54 [notice] 1#1: built by gcc 14.2.0 (Debian 14.2.0-19) 
2025/10/16 22:24:54 [notice] 1#1: OS: Linux 6.11.0-1018-azure
2025/10/16 22:24:54 [notice] 1#1: getrlimit(RLIMIT_NOFILE): 1048576:1048576
2025/10/16 22:24:54 [notice] 1#1: start worker processes
2025/10/16 22:24:54 [notice] 1#1: start worker process 21
2025/10/16 22:24:54 [notice] 1#1: start worker process 22
2025/10/16 22:24:54 [notice] 1#1: start worker process 23
2025/10/16 22:24:54 [notice] 1#1: start worker process 24
